// Jest Snapshot v1, https://goo.gl/fbAQLP

exports[`PageNotFound should match snapshot 1`] = `
<div
  className="PageNotFound"
>
  <img
    alt="404 error, page not found"
    src="page-not-found.png"
  />
  <h3>
    Looks like you've gotten lost...
  </h3>
  <h4>
    The page you're looking for doesn't exist or has been moved.
  </h4>
  <Link
    to="/"
  >
    <button>
      GO HOME
    </button>
  </Link>
</div>
`;
