// Jest Snapshot v1, https://goo.gl/fbAQLP

exports[`App should match the snapshot 1`] = `
<Fragment>
  <Switch>
    <Route
      exact={true}
      path="/"
      render={[Function]}
    />
    <Route
      exact={true}
      path="/products/:type"
      render={[Function]}
    />
    <Route
      exact={true}
      path="/collection"
      render={[Function]}
    />
    <Route
      exact={true}
      path="/shopall"
      render={[Function]}
    />
    <Route
      component={[Function]}
    />
  </Switch>
</Fragment>
`;
